// Jest Snapshot v1, https://goo.gl/fbAQLP

exports[`Footer should render without crash 1`] = `ShallowWrapper {}`;
