// Jest Snapshot v1, https://goo.gl/fbAQLP

exports[`Test Signout page  should render 1`] = `ShallowWrapper {}`;
