// Jest Snapshot v1, https://goo.gl/fbAQLP

exports[`Signin testing Should render class 1`] = `ReactWrapper {}`;
