// Jest Snapshot v1, https://goo.gl/fbAQLP

exports[`Signup testing Should render class 1`] = `ShallowWrapper {}`;
