// Jest Snapshot v1, https://goo.gl/fbAQLP

exports[`On Oneway page Test snapshot using the initial state 1`] = `ReactWrapper {}`;
