// Jest Snapshot v1, https://goo.gl/fbAQLP

exports[`Test Signup page  Test redirect 1`] = `ReactWrapper {}`;

exports[`Test Signup page  Test snapshot using the initial state 1`] = `ReactWrapper {}`;

exports[`Test Signup page  Test spinner action 1`] = `ReactWrapper {}`;
