// Jest Snapshot v1, https://goo.gl/fbAQLP

exports[`Test Sign up view page  should render 1`] = `ShallowWrapper {}`;
