// Jest Snapshot v1, https://goo.gl/fbAQLP

exports[`First React component test with Enzyme should call onChange prop 1`] = `ShallowWrapper {}`;
