// Jest Snapshot v1, https://goo.gl/fbAQLP

exports[`Verify email test suite renders without crashing 1`] = `ShallowWrapper {}`;
